#-----------------------------------------------------------
# Webtalk v2019.1 (64-bit)
# SW Build 2552052 on Fri May 24 14:47:09 MDT 2019
# IP Build 2548770 on Fri May 24 18:01:18 MDT 2019
# Start of session at: Tue Nov 12 15:35:17 2024
# Process ID: 45319
# Current directory: /home/it/digital_system/Digital_System_Design/lab2/task5/task5.sim/sim_1/behav/xsim
# Command line: wbtcv -mode batch -source /home/it/digital_system/Digital_System_Design/lab2/task5/task5.sim/sim_1/behav/xsim/xsim.dir/fulladder4bittestbench_behav/webtalk/xsim_webtalk.tcl -notrace
# Log file: /home/it/digital_system/Digital_System_Design/lab2/task5/task5.sim/sim_1/behav/xsim/webtalk.log
# Journal file: /home/it/digital_system/Digital_System_Design/lab2/task5/task5.sim/sim_1/behav/xsim/webtalk.jou
#-----------------------------------------------------------
source /home/it/digital_system/Digital_System_Design/lab2/task5/task5.sim/sim_1/behav/xsim/xsim.dir/fulladder4bittestbench_behav/webtalk/xsim_webtalk.tcl -notrace
